[ex-coders.com/html/digtek/index.html]
[backblue.gif]
[fade.gif]
[index.html]
[ex-coders.com/html/digtek/assets/img/favicon.svg]
[ex-coders.com/html/digtek/assets/css/bootstrap.min.css]
[ex-coders.com/html/digtek/assets/css/all.min.css]
[ex-coders.com/html/digtek/assets/css/animate.css]
[ex-coders.com/html/digtek/assets/css/icomoon.css]
[ex-coders.com/html/digtek/assets/css/magnific-popup.css]
[ex-coders.com/html/digtek/assets/css/meanmenu.css]
[ex-coders.com/html/digtek/assets/css/swiper-bundle.min.css]
[ex-coders.com/html/digtek/assets/css/nice-select.css]
[ex-coders.com/html/digtek/assets/css/main.css]
[ex-coders.com/html/digtek/index-2.html]
[ex-coders.com/html/digtek/assets/img/logo/black-logo.svg]
[ex-coders.com/html/digtek/contact.html]
[ex-coders.com/html/digtek/assets/img/logo/white-logo.svg]
[ex-coders.com/html/digtek/assets/img/header/home-1.jpg]
[ex-coders.com/html/digtek/index-one-page.html]
[ex-coders.com/html/digtek/assets/img/header/home-2.jpg]
[ex-coders.com/html/digtek/index-3.html]
[ex-coders.com/html/digtek/index-two-page.html]
[ex-coders.com/html/digtek/assets/img/header/home-3.jpg]
[ex-coders.com/html/digtek/index-4.html]
[ex-coders.com/html/digtek/index-three-page.html]
[ex-coders.com/html/digtek/team.html]
[ex-coders.com/html/digtek/news.html]
[ex-coders.com/html/digtek/about.html]
[ex-coders.com/html/digtek/team-details.html]
[ex-coders.com/html/digtek/pricing.html]
[ex-coders.com/html/digtek/faq.html]
[ex-coders.com/html/digtek/404.html]
[ex-coders.com/html/digtek/service-details.html]
[ex-coders.com/html/digtek/service.html]
[ex-coders.com/html/digtek/project-details.html]
[ex-coders.com/html/digtek/project.html]
[ex-coders.com/html/digtek/news-details.html]
[ex-coders.com/html/digtek/news-grid.html]
[ex-coders.com/html/digtek/assets/img/hero/hero-bg.jpg]
[ex-coders.com/html/digtek/assets/img/hero/mike-shape.png]
[ex-coders.com/html/digtek/assets/img/hero/arrow-shape.png]
[ex-coders.com/html/digtek/assets/img/hero/energy-shape.png]
[ex-coders.com/html/digtek/assets/img/hero/rocket.png]
[ex-coders.com/html/digtek/assets/img/hero/hero-text.png]
[ex-coders.com/html/digtek/assets/img/hero/hero-image.png]
[ex-coders.com/html/digtek/assets/img/hero/bg-shape.png]
[ex-coders.com/html/digtek/assets/img/hero/text-circle.png]
[ex-coders.com/html/digtek/assets/img/hero/logo.png]
[ex-coders.com/html/digtek/assets/img/hero/client.png]
[ex-coders.com/html/digtek/assets/img/star.png]
[ex-coders.com/html/digtek/assets/img/service/left-shape.png]
[ex-coders.com/html/digtek/assets/img/service/right-shape.png]
[ex-coders.com/html/digtek/assets/img/service/bg-shape.png]
[ex-coders.com/html/digtek/assets/img/service/icon-1.png]
[ex-coders.com/html/digtek/assets/img/service/icon-2.png]
[ex-coders.com/html/digtek/assets/img/service/icon-3.png]
[ex-coders.com/html/digtek/assets/img/about/about-bg.png]
[ex-coders.com/html/digtek/assets/img/about/left-shape.png]
[ex-coders.com/html/digtek/assets/img/brand/01.png]
[ex-coders.com/html/digtek/assets/img/brand/02.png]
[ex-coders.com/html/digtek/assets/img/brand/03.png]
[ex-coders.com/html/digtek/assets/img/brand/04.png]
[ex-coders.com/html/digtek/assets/img/about/01.png]
[ex-coders.com/html/digtek/assets/img/about/bg-shape.png]
[ex-coders.com/html/digtek/assets/img/about/grap.png]
[ex-coders.com/html/digtek/assets/img/about/box-shape.png]
[ex-coders.com/html/digtek/assets/img/about/emoji.png]
[ex-coders.com/html/digtek/assets/img/case-studies/overlay-shape.png]
[ex-coders.com/html/digtek/assets/img/case-studies/left-shape.png]
[ex-coders.com/html/digtek/assets/img/case-studies/right-shaape.png]
[ex-coders.com/html/digtek/assets/img/case-studies/01.jpg]
[ex-coders.com/html/digtek/assets/img/case-studies/icon.png]
[ex-coders.com/html/digtek/assets/img/audience-bg.jpg]
[ex-coders.com/html/digtek/assets/img/audience-img.jpg]
[ex-coders.com/html/digtek/assets/img/team/01.png]
[ex-coders.com/html/digtek/assets/img/team/shape-img.png]
[ex-coders.com/html/digtek/assets/img/pricing-left.png]
[ex-coders.com/html/digtek/assets/img/pricing-right.png]
[ex-coders.com/html/digtek/assets/img/arrow.png]
[ex-coders.com/html/digtek/assets/img/cloud.png]
[ex-coders.com/html/digtek/assets/img/testimonial/10.png]
[ex-coders.com/html/digtek/assets/img/testimonial/icon.png]
[ex-coders.com/html/digtek/assets/img/testimonial/01.png]
[ex-coders.com/html/digtek/assets/img/testimonial/shape.png]
[ex-coders.com/html/digtek/assets/img/testimonial/02.png]
[ex-coders.com/html/digtek/assets/img/news/left-shape.png]
[ex-coders.com/html/digtek/assets/img/news/01.jpg]
[ex-coders.com/html/digtek/assets/img/news/client-img.png]
[ex-coders.com/html/digtek/assets/img/news/02.jpg]
[ex-coders.com/html/digtek/assets/img/news/03.jpg]
[ex-coders.com/html/digtek/assets/img/news/04.jpg]
[ex-coders.com/html/digtek/assets/img/rokect.png]
[ex-coders.com/html/digtek/assets/img/cta-bg.jpg]
[ex-coders.com/html/digtek/assets/img/cta-img.png]
[ex-coders.com/html/digtek/assets/img/news/pp1.jpg]
[ex-coders.com/html/digtek/assets/img/news/pp2.jpg]
[ex-coders.com/html/digtek/assets/js/jquery-3.7.1.min.js]
[ex-coders.com/html/digtek/assets/js/viewport.jquery.js]
[ex-coders.com/html/digtek/assets/js/bootstrap.bundle.min.js]
[ex-coders.com/html/digtek/assets/js/jquery.nice-select.min.js]
[ex-coders.com/html/digtek/assets/js/jquery.waypoints.js]
[ex-coders.com/html/digtek/assets/js/jquery.counterup.min.js]
[ex-coders.com/html/digtek/assets/js/swiper-bundle.min.js]
[ex-coders.com/html/digtek/assets/js/jquery.meanmenu.min.js]
[ex-coders.com/html/digtek/assets/js/jquery.magnific-popup.min.js]
[ex-coders.com/html/digtek/assets/js/wow.min.js]
[ex-coders.com/html/digtek/assets/js/circle-progress.js]
[ex-coders.com/html/digtek/assets/js/main.js]
[ex-coders.com/html/digtek/index.html]
[ex-coders.com/html/digtek/assets/img/favicon.svg]
[ex-coders.com/html/digtek/assets/css/bootstrap.min.css]
[ex-coders.com/html/digtek/assets/webfonts/fa-brands-400.woff2]
[ex-coders.com/html/digtek/assets/webfonts/fa-brands-400.ttf]
[ex-coders.com/html/digtek/assets/webfonts/fa-duotone-900.woff2]
[ex-coders.com/html/digtek/assets/webfonts/fa-light-300.woff2]
[ex-coders.com/html/digtek/assets/webfonts/fa-duotone-900.ttf]
[ex-coders.com/html/digtek/assets/webfonts/fa-regular-400.woff2]
[ex-coders.com/html/digtek/assets/webfonts/fa-light-300.ttf]
[ex-coders.com/html/digtek/assets/webfonts/fa-regular-400.ttf]
[ex-coders.com/html/digtek/assets/webfonts/fa-solid-900.woff2]
[ex-coders.com/html/digtek/assets/webfonts/fa-thin-100.woff2]
[ex-coders.com/html/digtek/assets/webfonts/fa-solid-900.ttf]
[ex-coders.com/html/digtek/assets/webfonts/fa-v4compatibility.woff2]
[ex-coders.com/html/digtek/assets/css/all.min.css]
[ex-coders.com/html/digtek/assets/webfonts/fa-v4compatibility.ttf]
[ex-coders.com/html/digtek/assets/css/animate.css]
[ex-coders.com/html/digtek/assets/webfonts/icomoonc52c.eot]
[ex-coders.com/html/digtek/assets/webfonts/icomoonc52c.ttf]
[ex-coders.com/html/digtek/assets/webfonts/icomoonc52c.woff]
[ex-coders.com/html/digtek/assets/webfonts/fa-thin-100.ttf]
[ex-coders.com/html/digtek/assets/css/icomoon.css]
[ex-coders.com/html/digtek/assets/webfonts/icomoonc52c.svg]
[ex-coders.com/html/digtek/assets/css/magnific-popup.css]
[ex-coders.com/html/digtek/assets/css/meanmenu.css]
[ex-coders.com/html/digtek/assets/css/swiper-bundle.min.css]
[ex-coders.com/html/digtek/assets/css/nice-select.css]
[ex-coders.com/html/digtek/assets/css/color.css]
[ex-coders.com/html/digtek/assets/img/case-studies/05.jpg]
[ex-coders.com/html/digtek/assets/css/main.css]
[ex-coders.com/html/digtek/index-2.html]
[ex-coders.com/html/digtek/assets/img/logo/black-logo.svg]
[ex-coders.com/html/digtek/assets/img/breadcrumb.jpg]
[ex-coders.com/html/digtek/assets/img/breadcrumb-shape.png]
[ex-coders.com/html/digtek/assets/img/breadcrumb-shape-2.png]
[ex-coders.com/html/digtek/assets/js/ajax-mail.js]
[ex-coders.com/html/digtek/contact.html]
[ex-coders.com/html/digtek/assets/img/logo/white-logo.svg]
[ex-coders.com/html/digtek/index-one-page.html]
[ex-coders.com/html/digtek/assets/img/hero/hero-bg-2.png]
[ex-coders.com/html/digtek/assets/img/hero/trophy-shape.png]
[ex-coders.com/html/digtek/assets/img/hero/left-shape.png]
[ex-coders.com/html/digtek/assets/img/hero/right-shape.png]
[ex-coders.com/html/digtek/assets/img/hero/rocket-2.png]
[ex-coders.com/html/digtek/assets/img/hero/hero-image-2.png]
[ex-coders.com/html/digtek/assets/img/hero/bg-shape-2.png]
[ex-coders.com/html/digtek/assets/img/hero/box-shape.png]
[ex-coders.com/html/digtek/assets/img/hero/gap-box.png]
[ex-coders.com/html/digtek/assets/img/hero/cursor.png]
[ex-coders.com/html/digtek/assets/img/bg-shape-2.png]
[ex-coders.com/html/digtek/assets/img/feature-bg.jpg]
[ex-coders.com/html/digtek/assets/img/feature-img.png]
[ex-coders.com/html/digtek/assets/img/bg-shape.png]
[ex-coders.com/html/digtek/assets/img/counter-bg.jpg]
[ex-coders.com/html/digtek/assets/img/counter-shape.png]
[ex-coders.com/html/digtek/assets/img/text-circlw.png]
[ex-coders.com/html/digtek/assets/img/service/bg-shape-2.png]
[ex-coders.com/html/digtek/assets/img/service/01.png]
[ex-coders.com/html/digtek/assets/img/service/02.png]
[ex-coders.com/html/digtek/assets/img/service/03.png]
[ex-coders.com/html/digtek/assets/img/service/rocket-shape.png]
[ex-coders.com/html/digtek/assets/img/cta-marketing.png]
[ex-coders.com/html/digtek/assets/img/about/bg-shape-2.png]
[ex-coders.com/html/digtek/assets/img/about/01.jpg]
[ex-coders.com/html/digtek/assets/img/about/box-shape-2.png]
[ex-coders.com/html/digtek/assets/img/about/grap-2.png]
[ex-coders.com/html/digtek/assets/img/about/white-text.png]
[ex-coders.com/html/digtek/assets/img/case-studies/bg.jpg]
[ex-coders.com/html/digtek/assets/img/case-studies/hover-img.png]
[ex-coders.com/html/digtek/assets/img/faq-overlay.png]
[ex-coders.com/html/digtek/assets/img/faq-shape.png]
[ex-coders.com/html/digtek/assets/img/cta-contact-bg.jpg]
[ex-coders.com/html/digtek/assets/img/contact-img.png]
[ex-coders.com/html/digtek/assets/img/testimonial/testimonial-bg.jpg]
[ex-coders.com/html/digtek/assets/img/testimonial/03.png]
[ex-coders.com/html/digtek/assets/img/testimonial/rocket.png]
[ex-coders.com/html/digtek/assets/img/testimonial/msg.png]
[ex-coders.com/html/digtek/assets/img/testimonial/04.png]
[ex-coders.com/html/digtek/index-3.html]
[ex-coders.com/html/digtek/index-two-page.html]
[ex-coders.com/html/digtek/assets/img/hero/hero-bg-3.jpg]
[ex-coders.com/html/digtek/assets/img/hero/line-shape.png]
[ex-coders.com/html/digtek/assets/img/hero/hero-image-3.png]
[ex-coders.com/html/digtek/assets/img/service/right-shape-3.png]
[ex-coders.com/html/digtek/assets/img/service/05.png]
[ex-coders.com/html/digtek/assets/img/service/06.png]
[ex-coders.com/html/digtek/assets/img/team/team-bg.jpg]
[ex-coders.com/html/digtek/assets/img/team/02.png]
[ex-coders.com/html/digtek/assets/img/team/client-shape.png]
[ex-coders.com/html/digtek/assets/img/team/box-shape.png]
[ex-coders.com/html/digtek/assets/img/star-2.png]
[ex-coders.com/html/digtek/assets/img/case-studies/02.jpg]
[ex-coders.com/html/digtek/assets/img/case-studies/03.jpg]
[ex-coders.com/html/digtek/assets/img/case-studies/04.jpg]
[ex-coders.com/html/digtek/assets/img/team/01.jpg]
[ex-coders.com/html/digtek/assets/img/team/icon-shape.png]
[ex-coders.com/html/digtek/assets/img/team/02.jpg]
[ex-coders.com/html/digtek/assets/img/team/03.jpg]
[ex-coders.com/html/digtek/assets/img/team/04.jpg]
[ex-coders.com/html/digtek/assets/img/has.png]
[ex-coders.com/html/digtek/assets/img/choose-us.png]
[ex-coders.com/html/digtek/assets/img/testimonial/overlay-shape.png]
[ex-coders.com/html/digtek/assets/img/testimonial/overlay-shape-2.png]
[ex-coders.com/html/digtek/assets/img/testimonial/left-shape.png]
[ex-coders.com/html/digtek/assets/img/testimonial/right-shape.png]
[ex-coders.com/html/digtek/assets/img/testimonial/06.png]
[ex-coders.com/html/digtek/assets/img/testimonial/07.png]
[ex-coders.com/html/digtek/assets/img/testimonial/08.png]
[ex-coders.com/html/digtek/assets/img/testimonial/09.png]
[ex-coders.com/html/digtek/assets/img/testimonial/quote.png]
[ex-coders.com/html/digtek/assets/img/testimonial/05.png]
[ex-coders.com/html/digtek/assets/img/cta-counter-bg.jpg]
[ex-coders.com/html/digtek/assets/img/cta-video.jpg]
[ex-coders.com/html/digtek/assets/img/news/05.jpg]
[ex-coders.com/html/digtek/assets/img/news/06.jpg]
[ex-coders.com/html/digtek/assets/img/news/07.jpg]
[ex-coders.com/html/digtek/assets/img/news/08.jpg]
[ex-coders.com/html/digtek/index-4.html]
[ex-coders.com/html/digtek/index-three-page.html]
[ex-coders.com/html/digtek/assets/img/team/05.jpg]
[ex-coders.com/html/digtek/assets/img/team/06.jpg]
[ex-coders.com/html/digtek/assets/img/team/07.jpg]
[ex-coders.com/html/digtek/assets/img/team/08.jpg]
[ex-coders.com/html/digtek/team.html]
[ex-coders.com/html/digtek/assets/img/news/post-1.jpg]
[ex-coders.com/html/digtek/assets/img/news/post-2.jpg]
[ex-coders.com/html/digtek/assets/img/news/post-3.jpg]
[ex-coders.com/html/digtek/assets/img/news/pp3.jpg]
[ex-coders.com/html/digtek/assets/img/news/pp4.jpg]
[ex-coders.com/html/digtek/assets/img/news/pp5.jpg]
[ex-coders.com/html/digtek/news.html]
[ex-coders.com/html/digtek/assets/img/value-shape.png]
[ex-coders.com/html/digtek/assets/img/value-shape-2.png]
[ex-coders.com/html/digtek/about.html]
[ex-coders.com/html/digtek/assets/img/team/details-1.jpg]
[ex-coders.com/html/digtek/assets/img/team/signature.png]
[ex-coders.com/html/digtek/team-details.html]
[ex-coders.com/html/digtek/pricing.html]
[ex-coders.com/html/digtek/faq.html]
[ex-coders.com/html/digtek/assets/img/404.png]
[ex-coders.com/html/digtek/404.html]
[ex-coders.com/html/digtek/assets/img/service/details-1.jpg]
[ex-coders.com/html/digtek/service-details.html]
[ex-coders.com/html/digtek/assets/img/service/details-2.jpg]
[ex-coders.com/html/digtek/assets/img/service/icon-4.png]
[ex-coders.com/html/digtek/assets/img/service/icon-5.png]
[ex-coders.com/html/digtek/assets/img/service/icon-6.png]
[ex-coders.com/html/digtek/assets/img/service/service-bg.jpg]
[ex-coders.com/html/digtek/assets/img/service/right-shape-2.png]
[ex-coders.com/html/digtek/assets/img/service/gap-shape.png]
[ex-coders.com/html/digtek/service.html]
[ex-coders.com/html/digtek/assets/img/case-studies/details-1.jpg]
[ex-coders.com/html/digtek/assets/img/case-studies/details-2.jpg]
[ex-coders.com/html/digtek/project-details.html]
[ex-coders.com/html/digtek/assets/img/case-studies/06.jpg]
[ex-coders.com/html/digtek/assets/img/case-studies/07.jpg]
[ex-coders.com/html/digtek/assets/img/case-studies/08.jpg]
[ex-coders.com/html/digtek/project.html]
[ex-coders.com/html/digtek/assets/img/news/details-1.jpg]
[ex-coders.com/html/digtek/assets/img/news/details-2.jpg]
[ex-coders.com/html/digtek/assets/img/news/details-3.jpg]
[ex-coders.com/html/digtek/assets/img/news/comment-1.png]
[ex-coders.com/html/digtek/assets/img/news/comment-2.png]
[ex-coders.com/html/digtek/news-details.html]
[ex-coders.com/html/digtek/assets/img/news/09.jpg]
[ex-coders.com/html/digtek/assets/img/news/10.jpg]
[ex-coders.com/html/digtek/assets/img/news/11.jpg]
[ex-coders.com/html/digtek/assets/img/news/14.jpg]
[ex-coders.com/html/digtek/assets/img/news/12.jpg]
[ex-coders.com/html/digtek/assets/img/news/13.jpg]
[ex-coders.com/html/digtek/news-grid.html]
[ex-coders.com/html/digtek/assets/webfonts/icomoonc52c.svg]
